xxxxxxxxxxxxxxxxxxxxxxxxxxxxxxxxxxxxxxxxxxxxxxxxxxxxxxxxxxxxxxxx
xxxxxxxxxxxxxxxxxxxxxxxxxx xxxxxxxxxxxxxxxxxxxxxxxx xxxxxxxxxxxx
xxxxxxxxxxxxxxxxxxx  xxx   xxxxxxxxxxxxxxx_xxxxxxx  x  xxxxxxxxx
xxxxxxxx   xxxx       x       xxxxxxxxx  __ xxxx   xx   xxxxxxxx
xxxxx       xx                    xxxx   _   xx   xxx     xxxxxx
xxx          x       xxx        xxxxxx   _       xxxxx     xxxxx
xxxx                xxxxx        xxxx    _      xxxxxx      xxxx
xxxxxx             xxxx           xx    __       xxxx      xxxxx
xxxxxxx    xxx      xx             x    _         xx        xxxx
10xxxxx     xx                          _                    xxx
xxxxx                                   _                   xxxx
xxxxx                           xxx     _                  xxxxx
xxxxx                        xxxxxxx    _                  xxxxx
xxxxxx           xxxxx      xxxxxxx    __                  xxxxx
xxxxxx         xxxxxxxxxx              _             xxxxxxxxxxx
xxxxxxxxx     xxxxxxxxxxx      xxx     _           xxxxxxxxxxxxx
xxxxxxxxxxx  xxxxxxxxxxxxxx  xxxxxxx   _            xxxxxxxxxxxx
xxxxxxxxxxxxxxxxxxxxxxxxxx    xxxxx    _         xxxxxxxxxxxxxxx
xxxxxxxxxxxxxxxxxxxxxx           xx    __            xxxxxxxxxxx
20xxxxxxxxxxxxxxxxx                    __                xxxxxxx
xxxxxxxxx   xxxxxxxx                   __            xxxxxxxxxxx
xxxxxxx       xxxxxxxx                  __              xxxxxxxx
xxxxx           xxxxx                   __                 xxxxx
xxxxx             xx                    __                xxxxxx
xxxxxx                                  __          xxx   xxxxxx
xxxxx                                   __         xxxxx   xxxxx
xxxxx                                    __          xx    xxxxx
xxxxxx                                   __                 xxxx
xxxx                                     ___                 xxx
30x                                      ___                  xx
xx                                      x___x                 xx
                                                                
xx                                      x___x                 xx
xxx                                      ___                  xx
xxx                                      ___                  xx
xxxxx                                     ___                xxx
xxxxxxx       xxx                         ___                xxx
xxxxxxxxxx  xxxxxxxx                      ____             xxxxx
xxxxxxxxxxxxxxxxxxxxx                      ___            xxxxxx
40xxxxxxxxxxxxxxxxxxxxxx                   ___             xxxxx
xxxxxxxxxxxxxxxxxxxxxx                     ____            xxxxx
xxxxxxxxxxxxxxx   xxx                      ____            xxxxx
xxxx  xxxxxxx      xxxx xx                 _____           xxxxx
xxx     xxxx        xxxxxxx                 ____          xxxxxx
xx       xx         xxxxxxxx                 ___x         xxxxxx
x    xx  xxx          xxxxx                  ____         xxxxxx
xxx   x   xx         x xxx                    ___           xxxx
xxxx                                          ____          xxxx
50xxx               xxx                       ____           xxx
xxxxx             xxxxxxx                     ____           xxx
xxxx              x  xxxx                     ____            xx
xx       xx                                   x___             x              
xxx      xx                                   ____            xx
xxx                                          ______          xxx
xxxxx                  xxx                _____________      xxx
xxxxxxx                xxxx             _________________  xxxxx
xxxxxx          xxxxx  xxxxx          __________________   xxxxx
xxxxxxxxx     xxxxxx  xxxxxxx       ________xxx    xx     xxxxxx
60xxxxxxxx  xxxxxxxx   xxxxxx        ______xxxxx  xxx   xxxxxxxx
xxxxxxxx   xxxxxxxx  xxxxxxx    xxx       xxxxx   xx  xxxxx  xxx
xxxxxxx  xxxxxxxxxx      xxx    xxxxxxx     xx  xxx  xxxxx   xxx
xxxx    xxxxxxxxxxxxxxx       xxxxxxxxxxxx                  xxxx
xxxxxxxxxxxxxxxxxxxxxxxxxxxxxxxxxxxxxxxxxxxxxxxxxxxxxxxxxxxxxxxx
